// Jest Snapshot v1, https://goo.gl/fbAQLP

exports[`HasuraConnection getUser 1`] = `
Object {
  "data": Object {
    "users": Array [],
  },
}
`;
